int main()
{
	string b = 123
	string a = String_add(b, 456)
	return 0
}
