main[you need to fix]:
	reg16 	= 5 [][]
	reg17 	= 0 [][]
	reg20 	= reg17 != 0 [][]
	jump _1_Label if reg20 je 1[ [][]
	reg19 	= 0 [][]
	jump _2_Label [][]
_1_Label: [][]
	reg22 	= reg16 / reg17 [][]
	reg21 	= reg22 != 1 [][]
	reg19 	= reg21 [][]
_2_Label: [][]
	jump _3_Label if reg19 je 1[ [][]
	jump _4_Label [][]
_3_Label: [][]
	reg18 	= 10 [][]
	jump _5_Label [][]
_4_Label: [][]
	reg18 	= 20 [][]
_5_Label: [][]
	reg25 	= reg18 == 10 [][]
	jump _6_Label if reg25 je 1[ [][]
	reg24 	= 0 [][]
	jump _7_Label [][]
_6_Label: [][]
	reg27 	= reg16 / reg17 [][]
	reg26 	= reg27 == 0 [][]
	reg24 	= reg26 [][]
_7_Label: [][]
	jump _8_Label if reg24 je 1[ [][]
	reg23 	= 0 [][]
	jump _9_Label [][]
_8_Label: [][]
	reg28 	= reg16 == 5 [][]
	reg23 	= reg28 [][]
_9_Label: [][]
	reg29 	= reg23 [][]
	! reg29 [][]
	jump _10_Label if reg29 je 1[ [][]
	jump _11_Label [][]
_10_Label: [][]
	reg18 	= 30 [][]
	jump _12_Label [][]
_11_Label: [][]
_12_Label: [][]
	rax 	= reg18 [][]
	jump _0_Label [][]
_0_Label: [][]


