A__ [GV]
B__ [GV]
C__ [GV]
N__ [GV]

string[ 0 ] Never Ever!
string[ 1 ] length error!

calc [Func]:
	r16 = rdi
		rdi = r16
		FuncCall string.length Param_size : 1
		r17 = rax
	r18 = r17
	r19 = 1 == r18
	jump Label_2 if r19 je 1
	jump Label_3
Label_2:
	rax = r16
	jump Label_0
	jump Label_1
Label_3:
Label_1:
	r20 = r18 / 2
	r21 = r20
	r22 = r21 - 1
		rdi = r16
		rsi = 0
		rdx = r22
		FuncCall string.substring Param_size : 3
		r23 = rax
		rdi = r23
		FuncCall calc Param_size : 1
		r24 = rax
	r25 = r24
	r26 = r18 - 1
		rdi = r16
		rsi = r21
		rdx = r26
		FuncCall string.substring Param_size : 3
		r27 = rax
		rdi = r27
		FuncCall calc Param_size : 1
		r28 = rax
	r29 = r28
		rdi = r25
		rsi = r29
		FuncCall string.s Param_size : 2
		r31 = rax
	jump Label_5 if r31 je 1
	jump Label_6
Label_5:
		rdi = r25
		rsi = r29
		FuncCall string.add Param_size : 2
		r33 = rax
	rax = r33
	jump Label_0
	jump Label_4
Label_6:
		rdi = r25
		rsi = r29
		FuncCall string.eq Param_size : 2
		r35 = rax
	jump Label_7 if r35 je 1
	jump Label_8
Label_7:
		rdi = r25
		rsi = 0
		FuncCall string.ord Param_size : 2
		r36 = rax
	r37 = r36
		rdi = r29
		rsi = 0
		FuncCall string.ord Param_size : 2
		r38 = rax
	r39 = r38
	r40 = r37 < r39
	jump Label_10 if r40 je 1
	jump Label_11
Label_10:
		rdi = r25
		rsi = r29
		FuncCall string.add Param_size : 2
		r42 = rax
	rax = r42
	jump Label_0
	jump Label_9
Label_11:
Label_9:
		rdi = r29
		rsi = r25
		FuncCall string.add Param_size : 2
		r44 = rax
	rax = r44
	jump Label_0
	jump Label_4
Label_8:
		rdi = r25
		rsi = r29
		FuncCall string.g Param_size : 2
		r46 = rax
	jump Label_12 if r46 je 1
	jump Label_13
Label_12:
		rdi = r29
		rsi = r25
		FuncCall string.add Param_size : 2
		r48 = rax
	rax = r48
	jump Label_0
	jump Label_4
Label_13:
Label_4:
		rdi = str__0
		FuncCall println Param_size : 1
		r49 = rax
Label_0:
main [Func]:
		FuncCall getString Param_size : 0
		r16 = rax
	qword [ A__ ] = r16
		FuncCall getString Param_size : 0
		r17 = rax
	qword [ B__ ] = r17
		rdi = qword [ B__ ]
		FuncCall string.parseInt Param_size : 1
		r18 = rax
	qword [ N__ ] = r18
		rdi = qword [ A__ ]
		FuncCall string.length Param_size : 1
		r20 = rax
	r19 = r20 < qword [ N__ ]
	jump Label_16 if r19 je 1
	jump Label_17
Label_16:
		rdi = str__1
		FuncCall println Param_size : 1
		r21 = rax
	rax = 0
	jump Label_14
	jump Label_15
Label_17:
Label_15:
	r22 = qword [ N__ ] - 1
		rdi = qword [ A__ ]
		rsi = 0
		rdx = r22
		FuncCall string.substring Param_size : 3
		r23 = rax
		rdi = r23
		FuncCall calc Param_size : 1
		r24 = rax
	qword [ C__ ] = r24
		rdi = qword [ C__ ]
		FuncCall println Param_size : 1
		r25 = rax
	rax = 0
	jump Label_14
Label_14:
