A__ [GV]
B__ [GV]
C__ [GV]
N__ [GV]

string[ 0 ] Never Ever!
string[ 1 ] length error!

calc [Func]:
	r10 = rdi [rdi , ][r10]
		rdi = r10 [r10 , ][rdi]
		FuncCall string.length Param_size : 1 [rdi , r10 , ][rax]
		rdi = rax [r10 , rax , ][rdi]
	r11 = rdi [r10 , rdi , ][r11]
	jump Label_2 if 1 je r11 [r11 , r10 , ][]
	jump Label_3 [r11 , r10 , ][]
Label_2:
	rax = r10 [r10 , ][rax]
	jump Label_0 [][]
	jump Label_1 [r11 , r10 , ][]
Label_3:
Label_1:
	rdi = r11 / 2 [r11 , r10 , ][rdi]
	r8 = rdi [r11 , rdi , r10 , ][r8]
	r9 = r8 - 1 [r11 , r10 , r8 , ][r9]
		rdi = r10 [r11 , r10 , r9 , r8 , ][rdi]
		rsi = 0 [r11 , rdi , r10 , r9 , r8 , ][rsi]
		rdx = r9 [r11 , rdi , r10 , rsi , r9 , r8 , ][rdx]
		FuncCall string.substring Param_size : 3 [r11 , rdi , r10 , rsi , rdx , r8 , ][rax]
		rdi = rax [r11 , r10 , r8 , rax , ][rdi]
		rdi = rdi [r11 , r10 , rdi , r8 , ][rdi]
		FuncCall calc Param_size : 1 [r11 , rdi , r10 , r8 , ][rax]
		rdi = rax [r11 , r10 , r8 , rax , ][rdi]
	r9 = rdi [r11 , r10 , rdi , r8 , ][r9]
	r11 = r11 - 1 [r11 , r10 , r9 , r8 , ][r11]
		rdi = r10 [r10 , r11 , r9 , r8 , ][rdi]
		rsi = r8 [rdi , r11 , r9 , r8 , ][rsi]
		rdx = r11 [rdi , rsi , r11 , r9 , ][rdx]
		FuncCall string.substring Param_size : 3 [rdi , rsi , r9 , rdx , ][rax]
		rdi = rax [r9 , rax , ][rdi]
		rdi = rdi [rdi , r9 , ][rdi]
		FuncCall calc Param_size : 1 [rdi , r9 , ][rax]
		rdi = rax [r9 , rax , ][rdi]
	r10 = rdi [r9 , rdi , ][r10]
		rdi = r9 [r10 , r9 , ][rdi]
		FuncCall println Param_size : 1 [rdi , r10 , r9 , ][rax]
		rdi = rax [r10 , r9 , rax , ][rdi]
		rdi = r10 [r10 , r9 , ][rdi]
		FuncCall println Param_size : 1 [rdi , r10 , r9 , ][rax]
		rdi = rax [r10 , r9 , rax , ][rdi]
		rdi = r9 [r10 , r9 , ][rdi]
		rsi = r10 [rdi , r10 , r9 , ][rsi]
		FuncCall string.s Param_size : 2 [rdi , rsi , r10 , r9 , ][rax]
		rdi = rax [r10 , r9 , rax , ][rdi]
	jump Label_5 if rdi je 1 [r10 , r9 , rdi , ][]
	jump Label_6 [r10 , r9 , ][]
Label_5:
		rdi = r9 [r10 , r9 , ][rdi]
		rsi = r10 [rdi , r10 , ][rsi]
		FuncCall string.add Param_size : 2 [rdi , rsi , ][rax]
		rdi = rax [rax , ][rdi]
	rax = rdi [rdi , ][rax]
	jump Label_0 [][]
	jump Label_4 [][]
Label_6:
		rdi = r9 [r10 , r9 , ][rdi]
		rsi = r10 [rdi , r10 , r9 , ][rsi]
		FuncCall string.eq Param_size : 2 [rdi , rsi , r10 , r9 , ][rax]
		rdi = rax [r10 , r9 , rax , ][rdi]
	jump Label_7 if rdi je 1 [r10 , rdi , r9 , ][]
	jump Label_8 [r10 , r9 , ][]
Label_7:
		rdi = r9 [r10 , r9 , ][rdi]
		rsi = 0 [rdi , r10 , r9 , ][rsi]
		FuncCall string.ord Param_size : 2 [rdi , rsi , r10 , r9 , ][rax]
		rdi = rax [r10 , r9 , rax , ][rdi]
	r11 = rdi [rdi , r10 , r9 , ][r11]
		rdi = r10 [r10 , r9 , r11 , ][rdi]
		rsi = 0 [rdi , r10 , r9 , r11 , ][rsi]
		FuncCall string.ord Param_size : 2 [rdi , rsi , r10 , r9 , r11 , ][rax]
		rdi = rax [r10 , r9 , rax , r11 , ][rdi]
	rdi = rdi [r10 , rdi , r9 , r11 , ][rdi]
	jump Label_10 if r11 jl rdi [r10 , r9 , rdi , r11 , ][]
	jump Label_11 [r10 , r9 , ][]
Label_10:
		rdi = r9 [r10 , r9 , ][rdi]
		rsi = r10 [rdi , r10 , ][rsi]
		FuncCall string.add Param_size : 2 [rdi , rsi , ][rax]
		rdi = rax [rax , ][rdi]
	rax = rdi [rdi , ][rax]
	jump Label_0 [][]
	jump Label_9 [r10 , r9 , ][]
Label_11:
Label_9:
		rdi = r10 [r10 , r9 , ][rdi]
		rsi = r9 [rdi , r9 , ][rsi]
		FuncCall string.add Param_size : 2 [rdi , rsi , ][rax]
		rdi = rax [rax , ][rdi]
	rax = rdi [rdi , ][rax]
	jump Label_0 [][]
	jump Label_4 [][]
Label_8:
		rdi = r9 [r10 , r9 , ][rdi]
		rsi = r10 [rdi , r10 , r9 , ][rsi]
		FuncCall string.g Param_size : 2 [rdi , rsi , r10 , r9 , ][rax]
		rdi = rax [r10 , r9 , rax , ][rdi]
	jump Label_12 if rdi je 1 [rdi , r10 , r9 , ][]
	jump Label_13 [][]
Label_12:
		rdi = r10 [r10 , r9 , ][rdi]
		rsi = r9 [rdi , r9 , ][rsi]
		FuncCall string.add Param_size : 2 [rdi , rsi , ][rax]
		rdi = rax [rax , ][rdi]
	rax = rdi [rdi , ][rax]
	jump Label_0 [][]
	jump Label_4 [][]
Label_13:
Label_4:
		rdi = str__0 [][rdi]
		FuncCall println Param_size : 1 [rdi , ][rax]
		rdi = rax [rax , ][rdi]
Label_0:
main [Func]:
		FuncCall getString Param_size : 0 [][rax]
		rdi = rax [rax , ][rdi]
	qword [ A__ ] = rdi [rdi , ][]
		FuncCall getString Param_size : 0 [][rax]
		rdi = rax [rax , ][rdi]
	qword [ B__ ] = rdi [rdi , ][]
		rdi = qword [ B__ ] [][rdi]
		FuncCall string.parseInt Param_size : 1 [rdi , ][rax]
		rdi = rax [rax , ][rdi]
	qword [ N__ ] = rdi [rdi , ][]
		rdi = qword [ A__ ] [][rdi]
		FuncCall println Param_size : 1 [rdi , ][rax]
		rdi = rax [rax , ][rdi]
		rdi = qword [ B__ ] [][rdi]
		FuncCall println Param_size : 1 [rdi , ][rax]
		rdi = rax [rax , ][rdi]
		rdi = qword [ N__ ] [][rdi]
		FuncCall toString Param_size : 1 [rdi , ][rax]
		rdi = rax [rax , ][rdi]
		rdi = rdi [rdi , ][rdi]
		FuncCall println Param_size : 1 [rdi , ][rax]
		rdi = rax [rax , ][rdi]
		rdi = qword [ A__ ] [][rdi]
		FuncCall string.length Param_size : 1 [rdi , ][rax]
		rdi = rax [rax , ][rdi]
	jump Label_16 if rdi jl qword [ N__ ] [rdi , ][]
	jump Label_17 [][]
Label_16:
		rdi = str__1 [][rdi]
		FuncCall println Param_size : 1 [rdi , ][rax]
		rdi = rax [rax , ][rdi]
	rax = 0 [][rax]
	jump Label_14 [][]
	jump Label_15 [][]
Label_17:
Label_15:
	r10 = qword [ N__ ] - 1 [][r10]
		rdi = qword [ A__ ] [r10 , ][rdi]
		rsi = 0 [r10 , rdi , ][rsi]
		rdx = r10 [r10 , rdi , rsi , ][rdx]
		FuncCall string.substring Param_size : 3 [rdi , rsi , rdx , ][rax]
		rdi = rax [rax , ][rdi]
		rdi = rdi [rdi , ][rdi]
		FuncCall calc Param_size : 1 [rdi , ][rax]
		rdi = rax [rax , ][rdi]
	qword [ C__ ] = rdi [rdi , ][]
		rdi = qword [ C__ ] [][rdi]
		FuncCall println Param_size : 1 [rdi , ][rax]
		rdi = rax [rax , ][rdi]
	rax = 0 [][rax]
	jump Label_14 [][]
Label_14:
